prisma/seed.ts(1,10): error TS2305: Module '"@prisma/client"' has no exported member 'PrismaClient'.
src/app/new-arrivals/page.tsx(62,13): error TS2353: Object literal may only specify known properties, and 'id' does not exist in type 'Omit<CartItem, "quantity">'.
src/app/royal-combos/page.tsx(60,13): error TS2353: Object literal may only specify known properties, and 'id' does not exist in type 'Omit<CartItem, "quantity">'.
src/components/PerfumeSuggester.tsx(230,13): error TS2353: Object literal may only specify known properties, and 'id' does not exist in type 'Omit<CartItem, "quantity">'.
src/components/ProductCard.tsx(28,13): error TS2353: Object literal may only specify known properties, and 'id' does not exist in type 'Omit<CartItem, "quantity">'.
src/lib/prisma.ts(1,10): error TS2305: Module '"@prisma/client"' has no exported member 'PrismaClient'.
